Importing the function 'matrix_divided'

>>> matrix_divided = __import__('2-matrix_divided').matrix_divided

>>> matrix = [[1,2,3], [4,5,6]]

>>> matrix_divided(matrix, 3)
[[0.33, 0.67, 1.0], [1.33, 1.67, 2.0]]

>>> matrix_divided(matrix, 0)
Traceback (most recent call last):
ZeroDivisionError: division by zero

>>> matrix_divided(matrix, 'five')
Traceback (most recent call last):
TypeError: div must be a number

>>> matrix = [[1,2,3], [4,5,'done']]
>>> matrix_divided(matrix, 3)
Traceback (most recent call last):
TypeError: matrix must be a matrix (list of lists) of integers/floats

>>> matrix = [[0.64, 0.65, 0.66], [1.14, 1.15, 1.16, 1.17, 1.18]]
>>> matrix_divided(matrix, 3)
Traceback (most recent call last):
TypeError: Each row of the matrix must have the same size

>>> matrix_divided()
Traceback (most recent call last):
TypeError: matrix_divided() missing 2 required positional arguments: 'matrix' and 'div'

>>> matrix_divided(matrix)
Traceback (most recent call last):
TypeError: matrix_divided() missing 1 required positional argument: 'div'

>>> matrix_divided([[1,2], [3, 4]], float('inf'))
[[0.0, 0.0], [0.0, 0.0]]
