-------------------------------------
Importing the function 'say_my_name'
-------------------------------------

>>> say_my_name = __import__('3-say_my_name').say_my_name

>>> say_my_name("Tetero", "Allen")
My name is Tetero Allen

With no strings but numbers
>>> say_my_name(3)
Traceback (most recent call last):
TypeError: first_name must be a string

With no arguments
>>> say_my_name()
Traceback (most recent call last):
TypeError: say_my_name() missing 1 required positional argument: 'first_name'

With different arguments
>>> say_my_name("Allen", 4)
Traceback (most recent call last):
TypeError: last_name must be a string
